2026-08-15 14:02:37,207 | INFO | RAG Pipeline initialized successfully.
2026-08-15 14:03:40,966 | INFO | RAG Pipeline initialized successfully.
2026-08-15 14:04:44,691 | INFO | RAG Pipeline initialized successfully.
2026-08-15 14:06:21,450 | INFO | RAG Pipeline initialized successfully.
2026-08-15 14:06:28,581 | INFO | QUERY | what is rag?
2026-08-15 14:06:29,250 | INFO | REWRITTEN_QUERY | What is Retrieval-Augmented Generation (RAG)?
2026-08-15 14:06:30,351 | INFO | RETRIEVAL | documents=5
2026-08-15 14:06:30,541 | INFO | RERANKING | top_documents=3
2026-08-15 14:06:32,504 | INFO | ANSWER | length=379
2026-08-15 14:07:31,007 | INFO | RAG Pipeline initialized successfully.
2026-08-15 14:07:54,657 | INFO | QUERY | explain artificial intelligence in
2026-08-15 14:07:55,295 | INFO | REWRITTEN_QUERY | Explain artificial intelligence
2026-08-15 14:07:56,391 | INFO | RETRIEVAL | documents=6
2026-08-15 14:07:56,997 | INFO | RERANKING | top_documents=3
2026-08-15 14:07:58,327 | INFO | ANSWER | length=620
2026-08-16 09:05:12,442 | INFO | RAG Pipeline initialized successfully.
2026-08-16 09:19:34,962 | INFO | RAG Pipeline initialized successfully.
2026-08-16 09:20:12,909 | INFO | RAG Pipeline initialized successfully.
2026-08-16 10:10:36,550 | INFO | RAG Pipeline initialized successfully.
2026-08-16 10:11:21,226 | INFO | RAG Pipeline initialized successfully.
2026-08-16 10:11:31,519 | INFO | QUERY | whar is rag?
2026-08-16 10:11:32,203 | INFO | REWRITTEN_QUERY | What is Retrieval-Augmented Generation (RAG)?
2026-08-16 10:11:32,675 | INFO | RETRIEVAL | documents=5
2026-08-16 10:11:35,562 | INFO | RERANKING | top_documents=3
2026-08-16 10:11:36,630 | INFO | ANSWER | length=449
2026-08-16 10:12:19,467 | INFO | QUERY | what is fortnite?
2026-08-16 10:12:20,099 | INFO | REWRITTEN_QUERY | what is fortnite
2026-08-16 10:12:20,581 | INFO | RETRIEVAL | documents=6
2026-08-16 10:12:21,142 | INFO | RERANKING | top_documents=3
2026-08-16 10:12:21,696 | INFO | ANSWER | length=43
2026-08-16 10:13:02,263 | INFO | RAG Pipeline initialized successfully.
2026-08-16 10:13:43,135 | INFO | RAG Pipeline initialized successfully.
2026-08-16 10:14:27,211 | INFO | RAG Pipeline initialized successfully.
2026-08-16 10:17:14,336 | INFO | RAG Pipeline initialized successfully.
2026-08-16 10:17:37,212 | INFO | QUERY | what is rag?
2026-08-16 10:17:38,221 | INFO | REWRITTEN_QUERY | What is Retrieval-Augmented Generation (RAG)?
2026-08-16 10:17:39,374 | INFO | RETRIEVAL | documents=5
2026-08-16 10:17:39,551 | INFO | RERANKING | top_documents=3
2026-08-16 10:17:41,679 | INFO | ANSWER | length=451
2026-08-16 10:17:59,934 | INFO | Conversation memory cleared.
2026-08-16 10:18:00,507 | INFO | Conversation memory cleared.
2026-08-16 10:18:01,204 | INFO | Conversation memory cleared.
2026-08-16 10:18:01,714 | INFO | Conversation memory cleared.
2026-08-16 10:18:02,604 | INFO | Conversation memory cleared.
